// Jest Snapshot v1, https://goo.gl/fbAQLP

exports[`Button test suite should render correctly 1`] = `
<div>
  <button
    class="Button undefined"
    type="button"
  >
    TEST
  </button>
</div>
`;
