// Jest Snapshot v1, https://goo.gl/fbAQLP

exports[`Sidebar test suite should render correctly 1`] = `
<div>
  <aside
    class="Sidebar"
    data-testid="sidebar"
  >
    <div
      class="Flex JustifyCenter AlignCenter DirectionRow FullWidth AppLogo AppLogo"
    >
      <svg
        class="Logo"
        fill="currentColor"
        height="40"
        viewBox="0 0 100 40"
        width="100"
        xmlns="http://www.w3.org/2000/svg"
      >
        <path
          d="M4.77 4.235C5.03 3.001 6.26 2 7.513 2h6.812L8.66 28.823H1.848c-1.254 0-2.06-1-1.799-2.235L4.77 4.235ZM27.477 4.235C27.738 3.001 28.967 2 30.22 2h6.812l-5.665 26.823h-6.812c-1.254 0-2.06-1-1.799-2.235l4.721-22.353ZM72.892 4.235C73.152 3.001 74.38 2 75.635 2h6.812l-5.665 26.823h-6.813c-1.254 0-2.059-1-1.798-2.235l4.72-22.353ZM39.303 2h6.812c1.254 0 2.06 1 1.799 2.235l-4.721 22.353c-.26 1.235-1.489 2.235-2.743 2.235h-6.812L39.303 2ZM84.718 2h6.812c1.254 0 2.06 1 1.799 2.235l-4.722 22.353c-.26 1.235-1.488 2.235-2.742 2.235h-6.813L84.718 2ZM50.185 4.235C50.445 3.001 51.673 2 52.927 2h6.813l-5.666 26.823h-6.812c-1.254 0-2.06-1-1.798-2.235l4.72-22.353ZM62.01 2h6.813c1.254 0 2.059 1 1.798 2.235l-7.081 33.53C63.278 38.999 62.05 40 60.796 40h-6.813L62.01 2ZM12.819 19.882h9.083l-1.416 6.706c-.261 1.235-1.49 2.235-2.743 2.235H10.93l1.888-8.94ZM44.52 31.059h9.082L51.714 40h-6.812c-1.255 0-2.06-1-1.799-2.235l1.416-6.706ZM69.174 33.138l-1.15 5.446c-.05.234-.128.298-.366.298h-.523c-.238 0-.29-.064-.24-.298l1.15-5.446c.05-.233.128-.298.366-.298h.523c.238 0 .29.065.24.298ZM70.686 36.812h-.107c-.114 0-.154.032-.177.145l-.344 1.627c-.05.234-.129.298-.366.298h-.524c-.237 0-.289-.064-.24-.298l1.15-5.446c.05-.233.13-.298.367-.298h1.08c1.244 0 1.715.443 1.485 1.53l-.192.911c-.23 1.088-.888 1.53-2.132 1.53Zm.316-2.699-.3 1.426c-.025.113.001.145.116.145h.172c.4 0 .615-.161.702-.572l.12-.572c.087-.41-.059-.572-.46-.572h-.172c-.114 0-.154.032-.178.145ZM74.74 34.991l.85.935c.446.483.508.773.394 1.313l-.03.145c-.215 1.015-.727 1.579-1.914 1.579-1.186 0-1.479-.475-1.205-1.773l.034-.16c.05-.234.129-.299.366-.299h.556c.238 0 .29.065.24.298l-.075.355c-.068.322.036.451.322.451.287 0 .443-.12.505-.41l.032-.154c.048-.226.022-.338-.224-.604l-.8-.862c-.448-.475-.505-.75-.391-1.29l.037-.176c.215-1.015.727-1.58 1.913-1.58 1.187 0 1.48.476 1.206 1.773l-.034.161c-.05.234-.129.298-.366.298h-.557c-.237 0-.289-.064-.24-.298l.075-.354c.068-.323-.035-.451-.322-.451-.286 0-.443.12-.504.41l-.029.137c-.05.234-.024.347.161.556ZM79.532 33.138c.05-.233.128-.298.366-.298h.523c.238 0 .29.065.24.298l-.856 4.053c-.274 1.297-.767 1.772-1.954 1.772-1.186 0-1.479-.475-1.205-1.773l.856-4.052c.05-.233.129-.298.366-.298h.524c.237 0 .289.065.24.298l-.897 4.246c-.068.322.044.451.355.451.302 0 .477-.129.545-.451l.897-4.246ZM82.938 36.417c.003.065.024.08.065.08.04 0 .069-.015.099-.08l1.414-3.367c.069-.17.151-.21.356-.21h.794c.237 0 .289.065.24.298l-1.15 5.446c-.05.234-.13.298-.367.298h-.376c-.237 0-.29-.064-.24-.298l.552-2.61c.015-.072.002-.089-.047-.089-.033 0-.07.017-.09.073l-1.142 2.659c-.082.193-.187.265-.424.265H82.4c-.246 0-.32-.072-.32-.265l-.028-2.66c-.005-.056-.018-.072-.059-.072-.049 0-.069.017-.084.089l-.551 2.61c-.05.234-.128.298-.366.298h-.376c-.238 0-.29-.064-.24-.298l1.15-5.446c.05-.233.129-.298.366-.298h.68c.286 0 .378.065.376.347l-.011 3.23ZM100 2c0 1.105-.89 2-1.987 2a1.993 1.993 0 0 1-1.987-2c0-1.105.89-2 1.987-2S100 .895 100 2Z"
          fill="currentColor"
        />
      </svg>
      <div
        class="SmallGradient"
      />
      <div
        class="BigGradient"
      />
    </div>
    <div
      class="Flex JustifyStart AlignStart DirectionColumn Items"
      role="navigation"
    >
      <a
        aria-current="page"
        class="AppLink ActiveLink Link"
        href="/"
      >
        <div
          class="Item"
        >
          <svg
            class="Icon"
            height="20"
            viewBox="0 0 18 18"
            width="20"
            xmlns="http://www.w3.org/2000/svg"
          >
            <path
              d="M2 15C2 15.5523 2.44772 16 3 16H10C10.5523 16 11 15.5523 11 15V12C11 11.7167 11.096 11.479 11.288 11.287C11.48 11.095 11.7173 10.9993 12 11H15C15.5523 11 16 10.5523 16 10V3C16 2.44772 15.5523 2 15 2H3C2.44772 2 2 2.44772 2 3V15ZM2 18C1.45 18 0.979002 17.804 0.587002 17.412C0.195002 17.02 -0.000664969 16.5493 1.69779e-06 16V2C1.69779e-06 1.45 0.196002 0.979002 0.588002 0.587002C0.980002 0.195002 1.45067 -0.000664969 2 1.69779e-06H16C16.55 1.69779e-06 17.021 0.196002 17.413 0.588002C17.805 0.980002 18.0007 1.45067 18 2V11.5858C18 11.851 17.8946 12.1054 17.7071 12.2929L12.2929 17.7071C12.1054 17.8946 11.851 18 11.5858 18H2ZM5 11C4.71667 11 4.479 10.904 4.287 10.712C4.095 10.52 3.99934 10.2827 4 10C4 9.71667 4.096 9.479 4.288 9.287C4.48 9.095 4.71734 8.99934 5 9H8C8.28334 9 8.521 9.096 8.713 9.288C8.905 9.48 9.00067 9.71734 9 10C9 10.2833 8.904 10.521 8.712 10.713C8.52 10.905 8.28267 11.0007 8 11H5ZM5 7C4.71667 7 4.479 6.904 4.287 6.712C4.095 6.52 3.99934 6.28267 4 6C4 5.71667 4.096 5.479 4.288 5.287C4.48 5.095 4.71734 4.99934 5 5H13C13.2833 5 13.521 5.096 13.713 5.288C13.905 5.48 14.0007 5.71734 14 6C14 6.28334 13.904 6.521 13.712 6.713C13.52 6.905 13.2827 7.00067 13 7H5Z"
              fill="currentColor"
            />
          </svg>
          article-link
        </div>
      </a>
    </div>
    <button
      class="IconButton CollapseButton"
      data-testid="sidebar_toggle"
      type="button"
    >
      <svg
        height="20"
        viewBox="0 0 30 30"
        width="20"
        xmlns="http://www.w3.org/2000/svg"
      >
        <path
          d="M17.1248 24.1004L8.6998 15.7004C8.5998 15.6004 8.52914 15.4921 8.4878 15.3754C8.4458 15.2587 8.4248 15.1337 8.4248 15.0004C8.4248 14.8671 8.4458 14.7421 8.4878 14.6254C8.52914 14.5087 8.5998 14.4004 8.6998 14.3004L17.1248 5.87539C17.3581 5.64206 17.6498 5.52539 17.9998 5.52539C18.3498 5.52539 18.6498 5.65039 18.8998 5.90039C19.1498 6.15039 19.2748 6.44206 19.2748 6.77539C19.2748 7.10872 19.1498 7.40039 18.8998 7.65039L11.5498 15.0004L18.8998 22.3504C19.1331 22.5837 19.2498 22.8711 19.2498 23.2124C19.2498 23.5544 19.1248 23.8504 18.8748 24.1004C18.6248 24.3504 18.3331 24.4754 17.9998 24.4754C17.6665 24.4754 17.3748 24.3504 17.1248 24.1004Z"
          fill="currentColor"
        />
      </svg>
    </button>
    <div
      class="Switchers"
    >
      <button
        class="IconButton"
        type="button"
      >
        <svg
          height="20"
          viewBox="0 0 20 20"
          width="20"
          xmlns="http://www.w3.org/2000/svg"
        >
          <path
            d="M10 20C15.523 20 20 15.523 20 10C20 4.477 15.523 0 10 0C4.477 0 0 4.477 0 10C0 15.523 4.477 20 10 20ZM10 18.5V1.5C12.2543 1.5 14.4163 2.39553 16.0104 3.98959C17.6045 5.58365 18.5 7.74566 18.5 10C18.5 12.2543 17.6045 14.4163 16.0104 16.0104C14.4163 17.6045 12.2543 18.5 10 18.5Z"
            fill="currentColor"
          />
        </svg>
      </button>
      <button
        class="Button Ghost S"
        type="button"
      >
        language
      </button>
    </div>
  </aside>
</div>
`;
